###############################################################################
#
# IAR ELF Linker V8.50.1.245/W32 for ARM                  14/Jan/2021  10:11:14
# Copyright 2007-2020 IAR Systems AB.
#
#    Output file  =
#        D:\GitHub\ETH_on_RS485_Node_Example_FreeRTOS\EWARM\Panelcontroller\Exe\Panelcontroller.out
#    Map file     =
#        D:\GitHub\ETH_on_RS485_Node_Example_FreeRTOS\EWARM\Panelcontroller\List\Panelcontroller.map
#    Command line =
#        -f C:\Users\nkorn\AppData\Local\Temp\EW2F60.tmp
#        (D:\GitHub\ETH_on_RS485_Node_Example_FreeRTOS\EWARM\Panelcontroller\Obj\BufferAllocation_2.o
#        D:\GitHub\ETH_on_RS485_Node_Example_FreeRTOS\EWARM\Panelcontroller\Obj\bus_uart.o
#        D:\GitHub\ETH_on_RS485_Node_Example_FreeRTOS\EWARM\Panelcontroller\Obj\bus_uart_tcp.o
#        D:\GitHub\ETH_on_RS485_Node_Example_FreeRTOS\EWARM\Panelcontroller\Obj\cmsis_os.o
#        D:\GitHub\ETH_on_RS485_Node_Example_FreeRTOS\EWARM\Panelcontroller\Obj\croutine.o
#        D:\GitHub\ETH_on_RS485_Node_Example_FreeRTOS\EWARM\Panelcontroller\Obj\event_groups.o
#        D:\GitHub\ETH_on_RS485_Node_Example_FreeRTOS\EWARM\Panelcontroller\Obj\freertos.o
#        D:\GitHub\ETH_on_RS485_Node_Example_FreeRTOS\EWARM\Panelcontroller\Obj\FreeRTOS_ARP.o
#        D:\GitHub\ETH_on_RS485_Node_Example_FreeRTOS\EWARM\Panelcontroller\Obj\FreeRTOS_DHCP.o
#        D:\GitHub\ETH_on_RS485_Node_Example_FreeRTOS\EWARM\Panelcontroller\Obj\FreeRTOS_DNS.o
#        D:\GitHub\ETH_on_RS485_Node_Example_FreeRTOS\EWARM\Panelcontroller\Obj\FreeRTOS_IP.o
#        D:\GitHub\ETH_on_RS485_Node_Example_FreeRTOS\EWARM\Panelcontroller\Obj\FreeRTOS_Sockets.o
#        D:\GitHub\ETH_on_RS485_Node_Example_FreeRTOS\EWARM\Panelcontroller\Obj\FreeRTOS_Stream_Buffer.o
#        D:\GitHub\ETH_on_RS485_Node_Example_FreeRTOS\EWARM\Panelcontroller\Obj\FreeRTOS_TCP_IP.o
#        D:\GitHub\ETH_on_RS485_Node_Example_FreeRTOS\EWARM\Panelcontroller\Obj\FreeRTOS_TCP_WIN.o
#        D:\GitHub\ETH_on_RS485_Node_Example_FreeRTOS\EWARM\Panelcontroller\Obj\FreeRTOS_UDP_IP.o
#        D:\GitHub\ETH_on_RS485_Node_Example_FreeRTOS\EWARM\Panelcontroller\Obj\heap_4.o
#        D:\GitHub\ETH_on_RS485_Node_Example_FreeRTOS\EWARM\Panelcontroller\Obj\http.o
#        D:\GitHub\ETH_on_RS485_Node_Example_FreeRTOS\EWARM\Panelcontroller\Obj\iot_clock_freertos.o
#        D:\GitHub\ETH_on_RS485_Node_Example_FreeRTOS\EWARM\Panelcontroller\Obj\iot_mqtt_api.o
#        D:\GitHub\ETH_on_RS485_Node_Example_FreeRTOS\EWARM\Panelcontroller\Obj\iot_mqtt_helper.o
#        D:\GitHub\ETH_on_RS485_Node_Example_FreeRTOS\EWARM\Panelcontroller\Obj\iot_mqtt_lightweight_api.o
#        D:\GitHub\ETH_on_RS485_Node_Example_FreeRTOS\EWARM\Panelcontroller\Obj\iot_mqtt_network.o
#        D:\GitHub\ETH_on_RS485_Node_Example_FreeRTOS\EWARM\Panelcontroller\Obj\iot_mqtt_operation.o
#        D:\GitHub\ETH_on_RS485_Node_Example_FreeRTOS\EWARM\Panelcontroller\Obj\iot_mqtt_serialize.o
#        D:\GitHub\ETH_on_RS485_Node_Example_FreeRTOS\EWARM\Panelcontroller\Obj\iot_mqtt_static_memory.o
#        D:\GitHub\ETH_on_RS485_Node_Example_FreeRTOS\EWARM\Panelcontroller\Obj\iot_mqtt_subscription.o
#        D:\GitHub\ETH_on_RS485_Node_Example_FreeRTOS\EWARM\Panelcontroller\Obj\iot_mqtt_validate.o
#        D:\GitHub\ETH_on_RS485_Node_Example_FreeRTOS\EWARM\Panelcontroller\Obj\iot_network_freertos.o
#        D:\GitHub\ETH_on_RS485_Node_Example_FreeRTOS\EWARM\Panelcontroller\Obj\iot_threads_freertos.o
#        D:\GitHub\ETH_on_RS485_Node_Example_FreeRTOS\EWARM\Panelcontroller\Obj\list.o
#        "D:\GitHub\ETH_on_RS485_Node_Example_FreeRTOS\Middlewares\STM32
#        Cryptographic library package
#        V2.0.6\Libraries\STM32_Cryptographic_Library\binary\EWARM\M4_CryptoFW_2_0_6.a"
#        D:\GitHub\ETH_on_RS485_Node_Example_FreeRTOS\EWARM\Panelcontroller\Obj\main.o
#        D:\GitHub\ETH_on_RS485_Node_Example_FreeRTOS\EWARM\Panelcontroller\Obj\NetworkInterface.o
#        D:\GitHub\ETH_on_RS485_Node_Example_FreeRTOS\EWARM\Panelcontroller\Obj\port.o
#        D:\GitHub\ETH_on_RS485_Node_Example_FreeRTOS\EWARM\Panelcontroller\Obj\portasm.o
#        D:\GitHub\ETH_on_RS485_Node_Example_FreeRTOS\EWARM\Panelcontroller\Obj\printf.o
#        D:\GitHub\ETH_on_RS485_Node_Example_FreeRTOS\EWARM\Panelcontroller\Obj\queue.o
#        D:\GitHub\ETH_on_RS485_Node_Example_FreeRTOS\EWARM\Panelcontroller\Obj\startup_stm32f412vx.o
#        D:\GitHub\ETH_on_RS485_Node_Example_FreeRTOS\EWARM\Panelcontroller\Obj\stm32f4xx_hal.o
#        D:\GitHub\ETH_on_RS485_Node_Example_FreeRTOS\EWARM\Panelcontroller\Obj\stm32f4xx_hal_adc.o
#        D:\GitHub\ETH_on_RS485_Node_Example_FreeRTOS\EWARM\Panelcontroller\Obj\stm32f4xx_hal_cortex.o
#        D:\GitHub\ETH_on_RS485_Node_Example_FreeRTOS\EWARM\Panelcontroller\Obj\stm32f4xx_hal_crc.o
#        D:\GitHub\ETH_on_RS485_Node_Example_FreeRTOS\EWARM\Panelcontroller\Obj\stm32f4xx_hal_dma.o
#        D:\GitHub\ETH_on_RS485_Node_Example_FreeRTOS\EWARM\Panelcontroller\Obj\stm32f4xx_hal_dma_ex.o
#        D:\GitHub\ETH_on_RS485_Node_Example_FreeRTOS\EWARM\Panelcontroller\Obj\stm32f4xx_hal_exti.o
#        D:\GitHub\ETH_on_RS485_Node_Example_FreeRTOS\EWARM\Panelcontroller\Obj\stm32f4xx_hal_flash.o
#        D:\GitHub\ETH_on_RS485_Node_Example_FreeRTOS\EWARM\Panelcontroller\Obj\stm32f4xx_hal_flash_ex.o
#        D:\GitHub\ETH_on_RS485_Node_Example_FreeRTOS\EWARM\Panelcontroller\Obj\stm32f4xx_hal_flash_ramfunc.o
#        D:\GitHub\ETH_on_RS485_Node_Example_FreeRTOS\EWARM\Panelcontroller\Obj\stm32f4xx_hal_gpio.o
#        D:\GitHub\ETH_on_RS485_Node_Example_FreeRTOS\EWARM\Panelcontroller\Obj\stm32f4xx_hal_i2c.o
#        D:\GitHub\ETH_on_RS485_Node_Example_FreeRTOS\EWARM\Panelcontroller\Obj\stm32f4xx_hal_i2c_ex.o
#        D:\GitHub\ETH_on_RS485_Node_Example_FreeRTOS\EWARM\Panelcontroller\Obj\stm32f4xx_hal_iwdg.o
#        D:\GitHub\ETH_on_RS485_Node_Example_FreeRTOS\EWARM\Panelcontroller\Obj\stm32f4xx_hal_msp.o
#        D:\GitHub\ETH_on_RS485_Node_Example_FreeRTOS\EWARM\Panelcontroller\Obj\stm32f4xx_hal_pwr.o
#        D:\GitHub\ETH_on_RS485_Node_Example_FreeRTOS\EWARM\Panelcontroller\Obj\stm32f4xx_hal_pwr_ex.o
#        D:\GitHub\ETH_on_RS485_Node_Example_FreeRTOS\EWARM\Panelcontroller\Obj\stm32f4xx_hal_rcc.o
#        D:\GitHub\ETH_on_RS485_Node_Example_FreeRTOS\EWARM\Panelcontroller\Obj\stm32f4xx_hal_rcc_ex.o
#        D:\GitHub\ETH_on_RS485_Node_Example_FreeRTOS\EWARM\Panelcontroller\Obj\stm32f4xx_hal_spi.o
#        D:\GitHub\ETH_on_RS485_Node_Example_FreeRTOS\EWARM\Panelcontroller\Obj\stm32f4xx_hal_tim.o
#        D:\GitHub\ETH_on_RS485_Node_Example_FreeRTOS\EWARM\Panelcontroller\Obj\stm32f4xx_hal_tim_ex.o
#        D:\GitHub\ETH_on_RS485_Node_Example_FreeRTOS\EWARM\Panelcontroller\Obj\stm32f4xx_hal_timebase_tim.o
#        D:\GitHub\ETH_on_RS485_Node_Example_FreeRTOS\EWARM\Panelcontroller\Obj\stm32f4xx_hal_uart.o
#        D:\GitHub\ETH_on_RS485_Node_Example_FreeRTOS\EWARM\Panelcontroller\Obj\stm32f4xx_it.o
#        D:\GitHub\ETH_on_RS485_Node_Example_FreeRTOS\EWARM\Panelcontroller\Obj\stream_buffer.o
#        D:\GitHub\ETH_on_RS485_Node_Example_FreeRTOS\EWARM\Panelcontroller\Obj\system_stm32f4xx.o
#        D:\GitHub\ETH_on_RS485_Node_Example_FreeRTOS\EWARM\Panelcontroller\Obj\taskpool_freertos.o
#        D:\GitHub\ETH_on_RS485_Node_Example_FreeRTOS\EWARM\Panelcontroller\Obj\tasks.o
#        D:\GitHub\ETH_on_RS485_Node_Example_FreeRTOS\EWARM\Panelcontroller\Obj\timers.o
#        --redirect _Printf=_PrintfFull --redirect _Scanf=_ScanfFull
#        --no_out_extension -o
#        D:\GitHub\ETH_on_RS485_Node_Example_FreeRTOS\EWARM\Panelcontroller\Exe\Panelcontroller.out
#        --map
#        D:\GitHub\ETH_on_RS485_Node_Example_FreeRTOS\EWARM\Panelcontroller\List\Panelcontroller.map
#        --config
#        D:\GitHub\ETH_on_RS485_Node_Example_FreeRTOS\EWARM/stm32f412vx_flash.icf
#        --redirect malloc=pvPortMalloc --redirect free=vPortFree --semihosting
#        --entry __iar_program_start --vfe --text_out locale)
#
###############################################################################

*******************************************************************************
*** RUNTIME MODEL ATTRIBUTES
***

CppFlavor       = *
__SystemLibrary = DLib
__dlib_version  = 6


*******************************************************************************
*** HEAP SELECTION
***

The basic heap was selected because no calls to memory allocation
functions were found in the application outside of system library
functions, and there are calls to deallocation functions in the
application.


*******************************************************************************
*** PLACEMENT SUMMARY
***

"A0":  place at address 0x800'0000 { ro section .intvec };
"P1":  place in [from 0x800'0000 to 0x80f'ffff] { ro };
define block CSTACK with size = 1K, alignment = 8 { };
define block HEAP with size = 512, alignment = 8 { };
"P2":  place in [from 0x2000'0000 to 0x2003'ffff] {
          rw, block CSTACK, block HEAP };
initialize by copy { rw };

  Section            Kind         Address      Size  Object
  -------            ----         -------      ----  ------
"A0":                                         0x1c4
  .intvec            ro code   0x800'0000     0x1c4  startup_stm32f412vx.o [1]
                             - 0x800'01c4     0x1c4

"P1":                                        0xd5af
  .text              ro code   0x800'01c4    0x15f4  FreeRTOS_TCP_IP.o [1]
  .text              ro code   0x800'17b8     0x134  BufferAllocation_2.o [1]
  .text              ro code   0x800'18ec     0x308  FreeRTOS_ARP.o [1]
  .text              ro code   0x800'1bf4     0x2d4  bus_uart_tcp.o [1]
  .text              ro code   0x800'1ec8       0x6  ABImemclr.o [4]
  .text              ro code   0x800'1ece      0x3a  zero_init3.o [4]
  .text              ro code   0x800'1f08      0xa6  ABImemcpy.o [4]
  .text              ro code   0x800'1fae      0x1e  xencoding_8859_1.o [2]
  .text              ro code   0x800'1fcc     0xdf0  tasks.o [1]
  .text              ro code   0x800'2dbc     0xf58  FreeRTOS_Sockets.o [1]
  .text              ro code   0x800'3d14     0xb4c  FreeRTOS_IP.o [1]
  .text              ro code   0x800'4860      0x94  NetworkInterface.o [1]
  .text              ro code   0x800'48f4     0x76a  FreeRTOS_TCP_WIN.o [1]
  .text              ro code   0x800'505e     0x128  FreeRTOS_Stream_Buffer.o [1]
  .text              ro code   0x800'5186       0xa  xsprout.o [2]
  .text              ro code   0x800'5190     0x80c  queue.o [1]
  .text              ro code   0x800'599c      0x96  list.o [1]
  .rodata            const     0x800'5a32       0x2  xlocale_c.o [2]
  .text              ro code   0x800'5a34     0x210  port.o [1]
  .text              ro code   0x800'5c44     0x1cc  heap_4.o [1]
  .text              ro code   0x800'5e10      0x68  memcmp.o [4]
  .text              ro code   0x800'5e78      0x12  strcmp.o [4]
  .rodata            const     0x800'5e8a       0x2  xlocale_c.o [2]
  .text              ro code   0x800'5e8c       0x6  ABImemclr4.o [4]
  .rodata            const     0x800'5e92       0x1  xlocale_c.o [2]
  .text              ro code   0x800'5e94      0x40  sprintf.o [2]
  .text              ro code   0x800'5ed4     0x888  bus_uart.o [1]
  .text              ro code   0x800'675c      0xc4  main.o [1]
  .text              ro code   0x800'6820      0x5e  ABImemset.o [4]
  .text              ro code   0x800'6880      0x2c  freertos.o [1]
  .text              ro code   0x800'68ac     0x34c  timers.o [1]
  .text              ro code   0x800'6bf8     0x23c  event_groups.o [1]
  .text              ro code   0x800'6e34     0x844  FreeRTOS_DNS.o [1]
  .text              ro code   0x800'7678     0x5e4  FreeRTOS_DHCP.o [1]
  .text              ro code   0x800'7c5c      0x96  ABImemmove.o [4]
  .text              ro code   0x800'7cf4     0x18c  FreeRTOS_UDP_IP.o [1]
  CODE               ro code   0x800'7e80      0xb0  portasm.o [1]
  .text              ro code   0x800'7f30      0x32  ABImemset48.o [4]
  .text              ro code   0x800'7f64    0x10c6  xprintffull.o [2]
  .text              ro code   0x800'902c     0x1f8  stm32f4xx_hal_crc.o [1]
  .text              ro code   0x800'9224     0x1ac  stm32f4xx_hal_gpio.o [1]
  .text              ro code   0x800'93d0     0x7a8  stm32f4xx_hal_uart.o [1]
  .text              ro code   0x800'9b78     0x418  stm32f4xx_hal_dma.o [1]
  .text              ro code   0x800'9f90     0x1e4  stm32f4xx_hal_rcc.o [1]
  .text              ro code   0x800'a174     0x2b2  stm32f4xx_hal_tim.o [1]
  .text              ro code   0x800'a428      0xa0  stm32f4xx_hal_cortex.o [1]
  .text              ro code   0x800'a4c8       0xc  stm32f4xx_hal.o [1]
  .text              ro code   0x800'a4d4      0x34  stm32f4xx_hal.o [1]
  .text              ro code   0x800'a508     0x2dc  stm32f4xx_hal_rcc_ex.o [1]
  .text              ro code   0x800'a7e4       0xc  stm32f4xx_hal_iwdg.o [1]
  .text              ro code   0x800'a7f0      0x36  strlen.o [4]
  .text              ro code   0x800'a828      0x18  strcpy.o [4]
  .text              ro code   0x800'a840      0x7c  xlocale_c.o [2]
  .text              ro code   0x800'a8bc      0x16  strchr.o [4]
  .text              ro code   0x800'a8d4      0x40  xfail_s.o [2]
  .text              ro code   0x800'a914      0x58  memchr.o [4]
  .text              ro code   0x800'a96c      0x70  frexp.o [3]
  .text              ro code   0x800'a9dc      0x2e  DblCmpLe.o [3]
  .text              ro code   0x800'aa0c      0x2e  DblCmpGe.o [3]
  .text              ro code   0x800'aa3c     0x13a  ldexp.o [3]
  .text              ro code   0x800'ab78      0x3a  DblToS32.o [3]
  .text              ro code   0x800'abb4      0x22  S32ToDbl.o [3]
  .text              ro code   0x800'abd8      0xe2  DblSub.o [3]
  .text              ro code   0x800'acbc     0x246  DblDiv.o [3]
  .text              ro code   0x800'af04      0x28  DblToU32.o [3]
  .text              ro code   0x800'af2c      0x1a  U32ToDbl.o [3]
  .text              ro code   0x800'af48     0x1a2  DblMul.o [3]
  .text              ro code   0x800'b0ea       0xa  xmbcurmax.o [2]
  .text              ro code   0x800'b0f4     0x230  I64DivMod.o [4]
  .text              ro code   0x800'b324      0x44  stm32f4xx_hal_msp.o [1]
  .text              ro code   0x800'b368     0x100  stm32f4xx_it.o [1]
  .text              ro code   0x800'b468       0x2  stm32f4xx_hal_uart.o [1]
  .text              ro code   0x800'b46a       0x2  stm32f4xx_hal_uart.o [1]
  .text              ro code   0x800'b46c      0x80  stm32f4xx_hal_timebase_tim.o [1]
  .text              ro code   0x800'b4ec       0x2  stm32f4xx_hal_tim.o [1]
  .text              ro code   0x800'b4ee       0x2  stm32f4xx_hal_tim.o [1]
  .text              ro code   0x800'b4f0       0x2  stm32f4xx_hal_tim.o [1]
  .text              ro code   0x800'b4f2       0x2  stm32f4xx_hal_tim_ex.o [1]
  .text              ro code   0x800'b4f4       0x2  stm32f4xx_hal_tim.o [1]
  .text              ro code   0x800'b4f6       0x2  stm32f4xx_hal_tim_ex.o [1]
  .text              ro code   0x800'b4f8       0x6  abort.o [2]
  .text              ro code   0x800'b500     0x17a  DblAdd.o [3]
  .text              ro code   0x800'b67c       0x2  I64DivZer.o [4]
  .text              ro code   0x800'b680      0x10  stm32f4xx_hal.o [1]
  .text              ro code   0x800'b690      0x14  exit.o [5]
  .text              ro code   0x800'b6a4     0xe00  printf.o [1]
  .text              ro code   0x800'c4a4      0x20  DblCmpEq.o [3]
  .rodata            const     0x800'c4c4     0xa1c  http.o [1]
  .text              ro code   0x800'cee0     0x4ec  http.o [1]
  .text              ro code   0x800'd3cc      0x28  strncmp.o [2]
  .text              ro code   0x800'd3f4      0x78  lz77_init_single.o [4]
  .text              ro code   0x800'd46c      0x60  system_stm32f4xx.o [1]
  .rodata            const     0x800'd4d0      0x50  printf.o [1]
  .rodata            const     0x800'd520      0x28  FreeRTOS_ARP.o [1]
  .text              ro code   0x800'd548      0x28  data_init.o [4]
  .text              ro code   0x800'd570      0x22  fpinit_M.o [3]
  .iar.init_table    const     0x800'd594      0x20  - Linker created -
  .text              ro code   0x800'd5b4      0x1e  cmain.o [4]
  .text              ro code   0x800'd5d2       0x4  low_level_init.o [2]
  .text              ro code   0x800'd5d6       0x4  exit.o [2]
  .text              ro code   0x800'd5dc       0xa  cexit.o [4]
  .text              ro code   0x800'd5e8      0x10  startup_stm32f412vx.o [1]
  .text              ro code   0x800'd5f8       0xc  cstartup_M.o [4]
  .rodata            const     0x800'd604       0x8  FreeRTOS_DNS.o [1]
  .rodata            const     0x800'd60c       0x8  system_stm32f4xx.o [1]
  .rodata            const     0x800'd614       0x4  BufferAllocation_2.o [1]
  .text              ro code   0x800'd618       0x4  startup_stm32f412vx.o [1]
  .text              ro code   0x800'd61c       0x4  startup_stm32f412vx.o [1]
  .text              ro code   0x800'd620       0x4  startup_stm32f412vx.o [1]
  .text              ro code   0x800'd624       0x4  startup_stm32f412vx.o [1]
  .text              ro code   0x800'd628       0x4  startup_stm32f412vx.o [1]
  .text              ro code   0x800'd62c       0x4  startup_stm32f412vx.o [1]
  .text              ro code   0x800'd630       0x4  startup_stm32f412vx.o [1]
  .text              ro code   0x800'd634       0x4  startup_stm32f412vx.o [1]
  .text              ro code   0x800'd638       0x4  startup_stm32f412vx.o [1]
  .text              ro code   0x800'd63c       0x4  startup_stm32f412vx.o [1]
  .text              ro code   0x800'd640       0x4  startup_stm32f412vx.o [1]
  .text              ro code   0x800'd644       0x4  startup_stm32f412vx.o [1]
  .text              ro code   0x800'd648       0x4  startup_stm32f412vx.o [1]
  .text              ro code   0x800'd64c       0x4  startup_stm32f412vx.o [1]
  .text              ro code   0x800'd650       0x4  startup_stm32f412vx.o [1]
  .text              ro code   0x800'd654       0x4  startup_stm32f412vx.o [1]
  .text              ro code   0x800'd658       0x4  startup_stm32f412vx.o [1]
  .text              ro code   0x800'd65c       0x4  startup_stm32f412vx.o [1]
  .text              ro code   0x800'd660       0x4  startup_stm32f412vx.o [1]
  .text              ro code   0x800'd664       0x4  startup_stm32f412vx.o [1]
  .text              ro code   0x800'd668       0x4  startup_stm32f412vx.o [1]
  .text              ro code   0x800'd66c       0x4  startup_stm32f412vx.o [1]
  .text              ro code   0x800'd670       0x4  startup_stm32f412vx.o [1]
  .text              ro code   0x800'd674       0x4  startup_stm32f412vx.o [1]
  .text              ro code   0x800'd678       0x4  startup_stm32f412vx.o [1]
  .text              ro code   0x800'd67c       0x4  startup_stm32f412vx.o [1]
  .text              ro code   0x800'd680       0x4  startup_stm32f412vx.o [1]
  .text              ro code   0x800'd684       0x4  startup_stm32f412vx.o [1]
  .text              ro code   0x800'd688       0x4  startup_stm32f412vx.o [1]
  .text              ro code   0x800'd68c       0x4  startup_stm32f412vx.o [1]
  .text              ro code   0x800'd690       0x4  startup_stm32f412vx.o [1]
  .text              ro code   0x800'd694       0x4  startup_stm32f412vx.o [1]
  .text              ro code   0x800'd698       0x4  startup_stm32f412vx.o [1]
  .text              ro code   0x800'd69c       0x4  startup_stm32f412vx.o [1]
  .text              ro code   0x800'd6a0       0x4  startup_stm32f412vx.o [1]
  .text              ro code   0x800'd6a4       0x4  startup_stm32f412vx.o [1]
  .text              ro code   0x800'd6a8       0x4  startup_stm32f412vx.o [1]
  .text              ro code   0x800'd6ac       0x4  startup_stm32f412vx.o [1]
  .text              ro code   0x800'd6b0       0x4  startup_stm32f412vx.o [1]
  .text              ro code   0x800'd6b4       0x4  startup_stm32f412vx.o [1]
  .text              ro code   0x800'd6b8       0x4  startup_stm32f412vx.o [1]
  .text              ro code   0x800'd6bc       0x4  startup_stm32f412vx.o [1]
  .text              ro code   0x800'd6c0       0x4  startup_stm32f412vx.o [1]
  .text              ro code   0x800'd6c4       0x4  startup_stm32f412vx.o [1]
  .text              ro code   0x800'd6c8       0x4  startup_stm32f412vx.o [1]
  .text              ro code   0x800'd6cc       0x4  startup_stm32f412vx.o [1]
  .text              ro code   0x800'd6d0       0x4  startup_stm32f412vx.o [1]
  .text              ro code   0x800'd6d4       0x4  startup_stm32f412vx.o [1]
  .text              ro code   0x800'd6d8       0x4  startup_stm32f412vx.o [1]
  .text              ro code   0x800'd6dc       0x4  startup_stm32f412vx.o [1]
  .text              ro code   0x800'd6e0       0x4  startup_stm32f412vx.o [1]
  .text              ro code   0x800'd6e4       0x4  startup_stm32f412vx.o [1]
  .text              ro code   0x800'd6e8       0x4  startup_stm32f412vx.o [1]
  .text              ro code   0x800'd6ec       0x4  startup_stm32f412vx.o [1]
  .text              ro code   0x800'd6f0       0x4  startup_stm32f412vx.o [1]
  .text              ro code   0x800'd6f4       0x4  startup_stm32f412vx.o [1]
  .text              ro code   0x800'd6f8       0x4  startup_stm32f412vx.o [1]
  .text              ro code   0x800'd6fc       0x4  startup_stm32f412vx.o [1]
  .text              ro code   0x800'd700       0x4  startup_stm32f412vx.o [1]
  .text              ro code   0x800'd704       0x4  startup_stm32f412vx.o [1]
  .rodata            const     0x800'd708       0x0  zero_init3.o [4]
  .rodata            const     0x800'd708       0x0  lz77_init_single.o [4]
  Initializer bytes  const     0x800'd708      0x68  <for P2-1>
                             - 0x800'd770    0xd5ac

"P2", part 1 of 3:                            0x778
  P2-1                        0x2000'0000     0x778  <Init block>
    .data            inited   0x2000'0000      0x5c  bus_uart.o [1]
    .data            inited   0x2000'005c     0x60c  bus_uart.o [1]
    .data            inited   0x2000'0668      0x44  bus_uart.o [1]
    .data            inited   0x2000'06ac      0x18  bus_uart_tcp.o [1]
    .data            inited   0x2000'06c4      0x18  FreeRTOS_UDP_IP.o [1]
    .data            inited   0x2000'06dc       0xc  port.o [1]
    .data            inited   0x2000'06e8       0xc  stm32f4xx_hal.o [1]
    .data            inited   0x2000'06f4       0x4  system_stm32f4xx.o [1]
    .data            inited   0x2000'06f8      0x38  xlocale_c.o [2]
    .data            inited   0x2000'0730      0x48  xlocale_c.o [2]
                            - 0x2000'0778     0x778

"P2", part 2 of 3:                         0x2'bf3c
  .bss               zero     0x2000'0778  0x2'7118  heap_4.o [1]
  .bss               zero     0x2002'7890    0x3cf0  bus_uart.o [1]
  .bss               zero     0x2002'b580     0x454  freertos.o [1]
  .bss               zero     0x2002'b9d4     0x3c0  BufferAllocation_2.o [1]
  .bss               zero     0x2002'bd94     0x254  freertos.o [1]
  .bss               zero     0x2002'bfe8     0x100  FreeRTOS_DNS.o [1]
  .bss               zero     0x2002'c0e8      0xc8  tasks.o [1]
  .bss               zero     0x2002'c1b0      0xc0  timers.o [1]
  .bss               zero     0x2002'c270      0x9c  tasks.o [1]
  .bss               zero     0x2002'c30c      0x94  FreeRTOS_IP.o [1]
  .bss               zero     0x2002'c3a0      0x80  bus_uart.o [1]
  .bss               zero     0x2002'c420      0x60  bus_uart.o [1]
  .bss               zero     0x2002'c480      0x60  bus_uart.o [1]
  .bss               zero     0x2002'c4e0      0x4c  FreeRTOS_ARP.o [1]
  .bss               zero     0x2002'c52c      0x40  queue.o [1]
  .bss               zero     0x2002'c56c      0x40  stm32f4xx_hal_timebase_tim.o [1]
  .bss               zero     0x2002'c5ac      0x2c  FreeRTOS_Sockets.o [1]
  .bss               zero     0x2002'c5d8      0x24  bus_uart_tcp.o [1]
  .bss               zero     0x2002'c5fc      0x24  FreeRTOS_DHCP.o [1]
  .bss               zero     0x2002'c620      0x1c  BufferAllocation_2.o [1]
  .bss               zero     0x2002'c63c      0x18  FreeRTOS_DNS.o [1]
  .bss               zero     0x2002'c654      0x18  FreeRTOS_TCP_WIN.o [1]
  .bss               zero     0x2002'c66c      0x14  http.o [1]
  .bss               zero     0x2002'c680       0xc  main.o [1]
  .bss               zero     0x2002'c68c       0x8  bus_uart.o [1]
  .bss               zero     0x2002'c694       0x8  NetworkInterface.o [1]
  .bss               zero     0x2002'c69c       0x4  bus_uart.o [1]
  .bss               zero     0x2002'c6a0       0x4  FreeRTOS_DNS.o [1]
  .bss               zero     0x2002'c6a4       0x4  xfail_s.o [2]
  .bss               zero     0x2002'c6a8       0x2  bus_uart.o [1]
  .bss               zero     0x2002'c6aa       0x2  bus_uart.o [1]
  .bss               zero     0x2002'c6ac       0x2  bus_uart.o [1]
  .bss               zero     0x2002'c6ae       0x2  bus_uart.o [1]
  .bss               zero     0x2002'c6b0       0x2  FreeRTOS_IP.o [1]
  .bss               zero     0x2002'c6b2       0x1  FreeRTOS_IP.o [1]
                            - 0x2002'c6b3  0x2'bf3b

"P2", part 3 of 3:                            0x400
  CSTACK                      0x2002'c6b8     0x400  <Block>
    CSTACK           uninit   0x2002'c6b8     0x400  <Block tail>
                            - 0x2002'cab8     0x400

Unused ranges:

         From           To      Size
         ----           --      ----
   0x800'd773   0x80f'ffff  0xf'288d
  0x2002'c6b4  0x2002'c6b7       0x4
  0x2002'cab8  0x2003'ffff  0x1'3548


*******************************************************************************
*** INIT TABLE
***

          Address      Size
          -------      ----
Zero (__iar_zero_init3)
    1 destination range, total size 0x2'bf3b:
          0x2000'0778  0x2'bf3b

Copy/lz77 (__iar_lz77_init_single3)
    1 source range, total size 0x68 (5% of destination):
           0x800'd708      0x68
    1 destination range, total size 0x778:
          0x2000'0000     0x778



*******************************************************************************
*** MODULE SUMMARY
***

    Module                        ro code  ro data  rw data
    ------                        -------  -------  -------
command line/config:
    -------------------------------------------------------
    Total:

D:\GitHub\ETH_on_RS485_Node_Example_FreeRTOS\EWARM\Panelcontroller\Obj: [1]
    BufferAllocation_2.o              308        4      988
    FreeRTOS_ARP.o                    776       40       76
    FreeRTOS_DHCP.o                 1'508                36
    FreeRTOS_DNS.o                  2'116        8      284
    FreeRTOS_IP.o                   2'892               151
    FreeRTOS_Sockets.o              3'928                44
    FreeRTOS_Stream_Buffer.o          296
    FreeRTOS_TCP_IP.o               5'620
    FreeRTOS_TCP_WIN.o              1'898                24
    FreeRTOS_UDP_IP.o                 396        1       24
    NetworkInterface.o                148                 8
    bus_uart.o                      2'184       92   17'648
    bus_uart_tcp.o                    724        2       60
    event_groups.o                    572
    freertos.o                         44             1'704
    heap_4.o                          460           160'024
    http.o                          1'260    2'588       20
    list.o                            150
    main.o                            196                12
    port.o                            528        1       12
    portasm.o                         176
    printf.o                        3'584       80
    queue.o                         2'060                64
    startup_stm32f412vx.o             708
    stm32f4xx_hal.o                    80                12
    stm32f4xx_hal_cortex.o            160
    stm32f4xx_hal_crc.o               504
    stm32f4xx_hal_dma.o             1'048
    stm32f4xx_hal_gpio.o              428
    stm32f4xx_hal_iwdg.o               12
    stm32f4xx_hal_msp.o                68
    stm32f4xx_hal_rcc.o               484
    stm32f4xx_hal_rcc_ex.o            732
    stm32f4xx_hal_tim.o               698
    stm32f4xx_hal_tim_ex.o              4
    stm32f4xx_hal_timebase_tim.o      128                64
    stm32f4xx_hal_uart.o            1'964
    stm32f4xx_it.o                    256
    system_stm32f4xx.o                 96        9        4
    tasks.o                         3'568               356
    timers.o                          844               192
    -------------------------------------------------------
    Total:                         43'606    2'825  181'807

dl7M_tlf.a: [2]
    abort.o                             6
    exit.o                              4
    low_level_init.o                    4
    sprintf.o                          64
    strncmp.o                          40
    xencoding_8859_1.o                 30
    xfail_s.o                          64                 4
    xlocale_c.o                       124       12      128
    xmbcurmax.o                        10
    xprintffull.o                   4'294
    xsprout.o                          10
    -------------------------------------------------------
    Total:                          4'650       12      132

m7M_tls.a: [3]
    DblAdd.o                          378
    DblCmpEq.o                         32
    DblCmpGe.o                         46
    DblCmpLe.o                         46
    DblDiv.o                          582
    DblMul.o                          418
    DblSub.o                          226
    DblToS32.o                         58
    DblToU32.o                         40
    S32ToDbl.o                         34
    U32ToDbl.o                         26
    fpinit_M.o                         34
    frexp.o                           112
    ldexp.o                           314
    -------------------------------------------------------
    Total:                          2'346

rt7M_tl.a: [4]
    ABImemclr.o                         6
    ABImemclr4.o                        6
    ABImemcpy.o                       166
    ABImemmove.o                      150
    ABImemset.o                        94
    ABImemset48.o                      50
    I64DivMod.o                       560
    I64DivZer.o                         2
    cexit.o                            10
    cmain.o                            30
    cstartup_M.o                       12
    data_init.o                        40
    lz77_init_single.o                120
    memchr.o                           88
    memcmp.o                          104
    strchr.o                           22
    strcmp.o                           18
    strcpy.o                           24
    strlen.o                           54
    zero_init3.o                       58
    -------------------------------------------------------
    Total:                          1'614

shb_l.a: [5]
    exit.o                             20
    -------------------------------------------------------
    Total:                             20

    Gaps                               41        6
    Linker created                              32    1'024
-----------------------------------------------------------
    Grand Total:                   52'277    2'875  182'963


*******************************************************************************
*** ENTRY LIST
***

Entry                       Address      Size  Type      Object
-----                       -------      ----  ----      ------
.iar.init_table$$Base    0x800'd594             --   Gb  - Linker created -
.iar.init_table$$Limit   0x800'd5b4             --   Gb  - Linker created -
?main                    0x800'd5b5            Code  Gb  cmain.o [4]
AHBPrescTable            0x800'd4bc      0x10  Data  Gb  system_stm32f4xx.o [1]
APBPrescTable            0x800'd60c       0x8  Data  Gb  system_stm32f4xx.o [1]
BusFault_Handler         0x800'b36f       0x2  Code  Gb  stm32f4xx_it.o [1]
CRC_Handle              0x2002'c410       0x8  Data  Lc  bus_uart.o [1]
CSTACK$$Base            0x2002'c6b8             --   Gb  - Linker created -
CSTACK$$Limit           0x2002'cab8             --   Gb  - Linker created -
CacheMore                0x800'a845      0x28  Code  Lc  xlocale_c.o [2]
DMA1_Stream0_IRQHandler
                         0x800'b39f       0x2  Code  Gb  stm32f4xx_it.o [1]
DMA1_Stream5_IRQHandler
                         0x800'b38b       0x8  Code  Gb  stm32f4xx_it.o [1]
DMA1_Stream6_IRQHandler
                         0x800'b393       0x8  Code  Gb  stm32f4xx_it.o [1]
DMA1_Stream7_IRQHandler
                         0x800'b3a1       0x2  Code  Gb  stm32f4xx_it.o [1]
DMA2_Stream0_IRQHandler
                         0x800'b45f       0x2  Code  Gb  stm32f4xx_it.o [1]
DMA2_Stream2_IRQHandler
                         0x800'b461       0x2  Code  Gb  stm32f4xx_it.o [1]
DMA2_Stream3_IRQHandler
                         0x800'b463       0x2  Code  Gb  stm32f4xx_it.o [1]
DMA2_Stream4_IRQHandler
                         0x800'b465       0x2  Code  Gb  stm32f4xx_it.o [1]
DMA_CalcBaseAndBitshift
                         0x800'9f4d      0x2c  Code  Lc  stm32f4xx_hal_dma.o [1]
DMA_CalcBaseAndBitshift::flagBitshiftOffset
                         0x800'9f88       0x8  Data  Lc  stm32f4xx_hal_dma.o [1]
DebugMon_Handler         0x800'b373       0x2  Code  Gb  stm32f4xx_it.o [1]
EXTI15_10_IRQHandler     0x800'b37d       0x2  Code  Gb  stm32f4xx_it.o [1]
EXTI9_5_IRQHandler       0x800'b37b       0x2  Code  Gb  stm32f4xx_it.o [1]
FreeRTOS_GetAddressConfiguration
                         0x800'44eb      0x2e  Code  Gb  FreeRTOS_IP.o [1]
FreeRTOS_GetMACAddress   0x800'47eb       0x4  Code  Gb  FreeRTOS_IP.o [1]
FreeRTOS_GetUDPPayloadBuffer
                         0x800'4335      0x20  Code  Gb  FreeRTOS_IP.o [1]
FreeRTOS_IPInit          0x800'43a7     0x144  Code  Gb  FreeRTOS_IP.o [1]
FreeRTOS_NetworkDown     0x800'4319      0x1c  Code  Gb  FreeRTOS_IP.o [1]
FreeRTOS_NetworkDown::xNetworkDownEvent
                         0x800'4858       0x8  Data  Lc  FreeRTOS_IP.o [1]
FreeRTOS_OutputARPRequest
                         0x800'1b75      0x24  Code  Gb  FreeRTOS_ARP.o [1]
FreeRTOS_ReleaseUDPPayloadBuffer
                         0x800'4399       0xe  Code  Gb  FreeRTOS_IP.o [1]
FreeRTOS_accept          0x800'3581     0x108  Code  Gb  FreeRTOS_Sockets.o [1]
FreeRTOS_bind            0x800'30c9      0x60  Code  Gb  FreeRTOS_Sockets.o [1]
FreeRTOS_closesocket     0x800'3243      0x2c  Code  Gb  FreeRTOS_Sockets.o [1]
FreeRTOS_listen          0x800'3925      0x92  Code  Gb  FreeRTOS_Sockets.o [1]
FreeRTOS_recv            0x800'3689     0x12a  Code  Gb  FreeRTOS_Sockets.o [1]
FreeRTOS_recvfrom        0x800'2f27      0xc6  Code  Gb  FreeRTOS_Sockets.o [1]
FreeRTOS_send            0x800'37b3     0x172  Code  Gb  FreeRTOS_Sockets.o [1]
FreeRTOS_sendto          0x800'2fed      0xcc  Code  Gb  FreeRTOS_Sockets.o [1]
FreeRTOS_setsockopt      0x800'3311     0x1d4  Code  Gb  FreeRTOS_Sockets.o [1]
FreeRTOS_shutdown        0x800'39b7      0x3e  Code  Gb  FreeRTOS_Sockets.o [1]
FreeRTOS_socket          0x800'2df9     0x12e  Code  Gb  FreeRTOS_Sockets.o [1]
FreeRTOS_tx_size         0x800'3b8b      0x20  Code  Gb  FreeRTOS_Sockets.o [1]
HAL_CRC_Calculate        0x800'9051     0x1d4  Code  Gb  stm32f4xx_hal_crc.o [1]
HAL_CRC_Init             0x800'902d      0x24  Code  Gb  stm32f4xx_hal_crc.o [1]
HAL_CRC_MspInit          0x800'b361       0x2  Code  Gb  stm32f4xx_hal_msp.o [1]
HAL_DMA_Abort            0x800'9cf3      0x8a  Code  Gb  stm32f4xx_hal_dma.o [1]
HAL_DMA_Abort_IT         0x800'9d7d      0x24  Code  Gb  stm32f4xx_hal_dma.o [1]
HAL_DMA_IRQHandler       0x800'9da1     0x1a8  Code  Gb  stm32f4xx_hal_dma.o [1]
HAL_DMA_Init             0x800'9b79      0xee  Code  Gb  stm32f4xx_hal_dma.o [1]
HAL_DMA_Start_IT         0x800'9c67      0x8c  Code  Gb  stm32f4xx_hal_dma.o [1]
HAL_GPIO_Init            0x800'9225     0x184  Code  Gb  stm32f4xx_hal_gpio.o [1]
HAL_GPIO_WritePin        0x800'93a9       0x8  Code  Gb  stm32f4xx_hal_gpio.o [1]
HAL_GetTick              0x800'a4c9       0xc  Code  Wk  stm32f4xx_hal.o [1]
HAL_IWDG_Refresh         0x800'a7e5       0xc  Code  Gb  stm32f4xx_hal_iwdg.o [1]
HAL_IncTick              0x800'b681      0x10  Code  Wk  stm32f4xx_hal.o [1]
HAL_Init                 0x800'a4d5      0x30  Code  Gb  stm32f4xx_hal.o [1]
HAL_InitTick             0x800'b46d      0x6e  Code  Gb  stm32f4xx_hal_timebase_tim.o [1]
HAL_MspInit              0x800'b325      0x3c  Code  Gb  stm32f4xx_hal_msp.o [1]
HAL_NVIC_EnableIRQ       0x800'a49d      0x16  Code  Gb  stm32f4xx_hal_cortex.o [1]
HAL_NVIC_SetPriority     0x800'a443      0x5a  Code  Gb  stm32f4xx_hal_cortex.o [1]
HAL_NVIC_SetPriorityGrouping
                         0x800'a429      0x1a  Code  Gb  stm32f4xx_hal_cortex.o [1]
HAL_RCC_ClockConfig      0x800'9f91     0x10e  Code  Gb  stm32f4xx_hal_rcc.o [1]
HAL_RCC_GetClockConfig   0x800'a0c3      0x38  Code  Gb  stm32f4xx_hal_rcc.o [1]
HAL_RCC_GetPCLK1Freq     0x800'a09f      0x10  Code  Gb  stm32f4xx_hal_rcc.o [1]
HAL_RCC_GetPCLK2Freq     0x800'a0af       0xe  Code  Gb  stm32f4xx_hal_rcc.o [1]
HAL_RCC_OscConfig        0x800'a509     0x2ca  Code  Gb  stm32f4xx_hal_rcc_ex.o [1]
HAL_TIMEx_BreakCallback
                         0x800'b4f3       0x2  Code  Wk  stm32f4xx_hal_tim_ex.o [1]
HAL_TIMEx_CommutCallback
                         0x800'b4f7       0x2  Code  Wk  stm32f4xx_hal_tim_ex.o [1]
HAL_TIM_Base_Init        0x800'a175      0x1e  Code  Gb  stm32f4xx_hal_tim.o [1]
HAL_TIM_Base_Start_IT    0x800'a193       0xe  Code  Gb  stm32f4xx_hal_tim.o [1]
HAL_TIM_Base_Stop_IT     0x800'a1a1      0x1e  Code  Gb  stm32f4xx_hal_tim.o [1]
HAL_TIM_IRQHandler       0x800'a20f     0x14a  Code  Gb  stm32f4xx_hal_tim.o [1]
HAL_TIM_PeriodElapsedCallback
                         0x800'b40f      0x2e  Code  Gb  stm32f4xx_it.o [1]
HAL_UART_AbortCpltCallback
                         0x800'b3d7       0xe  Code  Gb  stm32f4xx_it.o [1]
HAL_UART_Abort_IT        0x800'9597      0xaa  Code  Gb  stm32f4xx_hal_uart.o [1]
HAL_UART_DMAStop         0x800'953b      0x5c  Code  Gb  stm32f4xx_hal_uart.o [1]
HAL_UART_ErrorCallback   0x800'b3e5       0xe  Code  Gb  stm32f4xx_it.o [1]
HAL_UART_IRQHandler      0x800'9641     0x11a  Code  Gb  stm32f4xx_hal_uart.o [1]
HAL_UART_Init            0x800'93d1      0x44  Code  Gb  stm32f4xx_hal_uart.o [1]
HAL_UART_MspInit         0x800'b363       0x2  Code  Gb  stm32f4xx_hal_msp.o [1]
HAL_UART_Receive_DMA     0x800'94a5      0x96  Code  Gb  stm32f4xx_hal_uart.o [1]
HAL_UART_RxCpltCallback
                         0x800'b401       0xe  Code  Gb  stm32f4xx_it.o [1]
HAL_UART_Transmit_DMA    0x800'942d      0x78  Code  Gb  stm32f4xx_hal_uart.o [1]
HAL_UART_TxCpltCallback
                         0x800'b3f3       0xe  Code  Gb  stm32f4xx_it.o [1]
HDMA_BUS_rx             0x2002'c420      0x60  Data  Gb  bus_uart.o [1]
HDMA_BUS_tx             0x2002'c480      0x60  Data  Gb  bus_uart.o [1]
HardFault_Handler        0x800'b36b       0x2  Code  Gb  stm32f4xx_it.o [1]
I2C1_ER_IRQHandler       0x800'b39d       0x2  Code  Gb  stm32f4xx_it.o [1]
I2C1_EV_IRQHandler       0x800'b39b       0x2  Code  Gb  stm32f4xx_it.o [1]
IwdgHandle              0x2002'c680       0xc  Data  Lc  main.o [1]
MemManage_Handler        0x800'b36d       0x2  Code  Gb  stm32f4xx_it.o [1]
NMI_Handler              0x800'b369       0x2  Code  Gb  stm32f4xx_it.o [1]
PendSV_Handler           0x800'7e81            Code  Gb  portasm.o [1]
Region$$Table$$Base      0x800'd594             --   Gb  - Linker created -
Region$$Table$$Limit     0x800'd5b4             --   Gb  - Linker created -
SPI1_IRQHandler          0x800'b45d       0x2  Code  Gb  stm32f4xx_it.o [1]
SPI5_IRQHandler          0x800'b467       0x2  Code  Gb  stm32f4xx_it.o [1]
SVC_Handler              0x800'7ed9            Code  Gb  portasm.o [1]
SysTick_Handler          0x800'5b8b      0x26  Code  Gb  port.o [1]
SystemCoreClock         0x2000'06f4       0x4  Data  Gb  system_stm32f4xx.o [1]
SystemInit               0x800'd46d      0x3a  Code  Gb  system_stm32f4xx.o [1]
TIM1_UP_TIM10_IRQHandler
                         0x800'b375       0x6  Code  Gb  stm32f4xx_it.o [1]
TIM3_Handle             0x2000'066c      0x40  Data  Gb  bus_uart.o [1]
TIM3_IRQHandler          0x800'b37f       0x6  Code  Gb  stm32f4xx_it.o [1]
TIM7_Handle             0x2000'001c      0x40  Data  Gb  bus_uart.o [1]
TIM7_IRQHandler          0x800'b385       0x6  Code  Gb  stm32f4xx_it.o [1]
TIM_Base_SetConfig       0x800'a359      0xa0  Code  Gb  stm32f4xx_hal_tim.o [1]
UART_Bus_Handle         0x2002'c3a0      0x40  Data  Gb  bus_uart.o [1]
UART_DMAAbortOnError     0x800'9849       0xc  Code  Lc  stm32f4xx_hal_uart.o [1]
UART_DMAError            0x800'97d1      0x5c  Code  Lc  stm32f4xx_hal_uart.o [1]
UART_DMAReceiveCplt      0x800'9791      0x38  Code  Lc  stm32f4xx_hal_uart.o [1]
UART_DMARxAbortCallback
                         0x800'986d      0x18  Code  Lc  stm32f4xx_hal_uart.o [1]
UART_DMARxHalfCplt       0x800'97c9       0x6  Code  Lc  stm32f4xx_hal_uart.o [1]
UART_DMATransmitCplt     0x800'975d      0x2a  Code  Lc  stm32f4xx_hal_uart.o [1]
UART_DMATxAbortCallback
                         0x800'9855      0x18  Code  Lc  stm32f4xx_hal_uart.o [1]
UART_DMATxHalfCplt       0x800'9789       0x6  Code  Lc  stm32f4xx_hal_uart.o [1]
UART_EndRxTransfer       0x800'982d      0x1c  Code  Lc  stm32f4xx_hal_uart.o [1]
UART_Receive_IT          0x800'989d      0x92  Code  Lc  stm32f4xx_hal_uart.o [1]
UART_SetConfig           0x800'992f     0x238  Code  Lc  stm32f4xx_hal_uart.o [1]
USART2_IRQHandler        0x800'b3a3      0x34  Code  Gb  stm32f4xx_it.o [1]
UsageFault_Handler       0x800'b371       0x2  Code  Gb  stm32f4xx_it.o [1]
_Encoding_8859_1_Mbrlen
                         0x800'1fc1       0x2  Code  Gb  xencoding_8859_1.o [2]
_Encoding_8859_1_Wctomb
                         0x800'1faf      0x12  Code  Gb  xencoding_8859_1.o [2]
_LitobFull               0x800'8e77     0x10a  Code  Lc  xprintffull.o [2]
_Locale_lconv           0x2000'06f8      0x38  Data  Lc  xlocale_c.o [2]
_PrintfFull              0x800'7f65     0xcc2  Code  Gb  xprintffull.o [2]
_PutcharsFull            0x800'8fe9      0x2e  Code  Lc  xprintffull.o [2]
_PutstrFull              0x800'8db7      0xc0  Code  Lc  xprintffull.o [2]
_PuttxtFull              0x800'8cab     0x10c  Code  Lc  xprintffull.o [2]
_SProut                  0x800'5187       0xa  Code  Gb  xsprout.o [2]
__aeabi_cdcmpeq          0x800'c4a5            Code  Gb  DblCmpEq.o [3]
__aeabi_cdcmple          0x800'a9dd            Code  Gb  DblCmpLe.o [3]
__aeabi_cdrcmple         0x800'aa0d            Code  Gb  DblCmpGe.o [3]
__aeabi_d2iz             0x800'ab79            Code  Gb  DblToS32.o [3]
__aeabi_d2uiz            0x800'af05            Code  Gb  DblToU32.o [3]
__aeabi_dadd             0x800'b501            Code  Gb  DblAdd.o [3]
__aeabi_ddiv             0x800'acbd            Code  Gb  DblDiv.o [3]
__aeabi_dmul             0x800'af49            Code  Gb  DblMul.o [3]
__aeabi_dsub             0x800'abd9            Code  Gb  DblSub.o [3]
__aeabi_i2d              0x800'abb5            Code  Gb  S32ToDbl.o [3]
__aeabi_ldiv0            0x800'b67d            Code  Gb  I64DivZer.o [4]
__aeabi_memclr           0x800'1ec9            Code  Gb  ABImemclr.o [4]
__aeabi_memclr4          0x800'5e8d            Code  Gb  ABImemclr4.o [4]
__aeabi_memcpy           0x800'1f09            Code  Gb  ABImemcpy.o [4]
__aeabi_memcpy4          0x800'1f29            Code  Gb  ABImemcpy.o [4]
__aeabi_memcpy8          0x800'1f29            Code  Gb  ABImemcpy.o [4]
__aeabi_memmove          0x800'7c5d            Code  Gb  ABImemmove.o [4]
__aeabi_memmove4         0x800'7c5d            Code  Gb  ABImemmove.o [4]
__aeabi_memmove8         0x800'7c5d            Code  Gb  ABImemmove.o [4]
__aeabi_ui2d             0x800'af2d            Code  Gb  U32ToDbl.o [3]
__aeabi_uldivmod         0x800'b0f5            Code  Gb  I64DivMod.o [4]
__cmain                  0x800'd5b5            Code  Gb  cmain.o [4]
__exit                   0x800'b691      0x14  Code  Gb  exit.o [5]
__iar_Fail_s             0x800'a8d5      0x1c  Code  Gb  xfail_s.o [2]
__iar_Mbcurmax           0x800'b0eb       0xa  Code  Gb  xmbcurmax.o [2]
__iar_Memchr             0x800'a915            Code  Gb  memchr.o [4]
__iar_Memset4_word       0x800'7f31            Code  Gb  ABImemset48.o [4]
__iar_Memset8_word       0x800'7f31            Code  Gb  ABImemset48.o [4]
__iar_Memset_word        0x800'6821            Code  Gb  ABImemset.o [4]
__iar_Strchr             0x800'a8bd            Code  Gb  strchr.o [4]
__iar_dadd               0x800'abe9            Code  Gb  DblSub.o [3]
__iar_data_init3         0x800'd549      0x28  Code  Gb  data_init.o [4]
__iar_dsub               0x800'b511            Code  Gb  DblAdd.o [3]
__iar_dsubStart          0x800'b523            Code  Gb  DblAdd.o [3]
__iar_frexp              0x800'a979            Code  Gb  frexp.o [3]
__iar_frexpl             0x800'a979            Code  Gb  frexp.o [3]
__iar_globLocale        0x2000'0730      0x48  Data  Lc  xlocale_c.o [2]
__iar_global_Locale      0x800'a841       0x4  Code  Gb  xlocale_c.o [2]
__iar_init_vfp           0x800'd571            Code  Gb  fpinit_M.o [3]
__iar_ldexp64            0x800'aa3d            Code  Gb  ldexp.o [3]
__iar_lz77_init_single3
                         0x800'd3f5      0x78  Code  Gb  lz77_init_single.o [4]
__iar_program_start      0x800'd5f9            Code  Gb  cstartup_M.o [4]
__iar_scalbln64          0x800'aa3d            Code  Gb  ldexp.o [3]
__iar_scalbn64           0x800'aa3d            Code  Gb  ldexp.o [3]
__iar_softfp___iar_frexp64
                         0x800'a96d            Code  Gb  frexp.o [3]
__iar_softfp_frexp       0x800'a96d            Code  Gb  frexp.o [3]
__iar_softfp_frexpl      0x800'a96d            Code  Gb  frexp.o [3]
__iar_zero_init3         0x800'1ecf      0x3a  Code  Gb  zero_init3.o [4]
__low_level_init         0x800'd5d3       0x4  Code  Gb  low_level_init.o [2]
__vector_table           0x800'0000            Data  Gb  startup_stm32f412vx.o [1]
_call_main               0x800'd5c1            Code  Gb  cmain.o [4]
_etoa                    0x800'bbc5     0x316  Code  Lc  printf.o [1]
_exit                    0x800'd5dd            Code  Gb  cexit.o [4]
_ftoa                    0x800'b913     0x29e  Code  Lc  printf.o [1]
_ftoa::pow10             0x800'd4d0      0x50  Data  Lc  printf.o [1]
_gLocale_mblen           0x800'a8a9       0x4  Code  Gb  xlocale_c.o [2]
_gLocale_mblenInt        0x800'a86d      0x2c  Code  Gb  xlocale_c.o [2]
_gLocale_wctomb          0x800'a8ad       0x4  Code  Gb  xlocale_c.o [2]
_gLocale_wctombInt       0x800'a8a5       0x4  Code  Gb  xlocale_c.o [2]
_main                    0x800'd5cf            Code  Gb  cmain.o [4]
_ntoa_format             0x800'b71f      0xe4  Code  Lc  printf.o [1]
_ntoa_long               0x800'b803      0x74  Code  Lc  printf.o [1]
_ntoa_long_long          0x800'b877      0x9c  Code  Lc  printf.o [1]
_out_buffer              0x800'b6a5       0x8  Code  Lc  printf.o [1]
_out_null                0x800'b6ad       0x2  Code  Lc  printf.o [1]
_out_rev                 0x800'b6af      0x70  Code  Lc  printf.o [1]
_vsnprintf               0x800'bedb     0x528  Code  Lc  printf.o [1]
abort                    0x800'b4f9       0x6  Code  Gb  abort.o [2]
arpCode                  0x800'6744       0x2  Data  Lc  bus_uart.o [1]
busEthFrameDetected     0x2000'0009       0x1  Data  Lc  bus_uart.o [1]
bus_uart_AbortCallback   0x800'6407       0x6  Code  Gb  bus_uart.o [1]
bus_uart_AbortCallback::abortCallbackCounter
                        0x2002'c6ae       0x2  Data  Lc  bus_uart.o [1]
bus_uart_ErrorCallback   0x800'63fb       0x4  Code  Gb  bus_uart.o [1]
bus_uart_ErrorCallback::errorCallbackCounter
                        0x2002'c6ac       0x2  Data  Lc  bus_uart.o [1]
bus_uart_IdleLnCallback
                         0x800'640d     0x1ca  Code  Gb  bus_uart.o [1]
bus_uart_RxCpltCallback
                         0x800'63f5       0x6  Code  Gb  bus_uart.o [1]
bus_uart_RxCpltCallback::rxCpltCounter
                        0x2002'c6aa       0x2  Data  Lc  bus_uart.o [1]
bus_uart_TxCpltCallback
                         0x800'63cf      0x26  Code  Gb  bus_uart.o [1]
bus_uart_ackFrameFromFifo
                         0x800'6621      0x34  Code  Gb  bus_uart.o [1]
bus_uart_ackFrameFromFifo::fifoAckError
                        0x2002'c68c       0x4  Data  Lc  bus_uart.o [1]
bus_uart_ackFrameFromFifo::fifoSizeErrorZero
                        0x2002'c690       0x4  Data  Lc  bus_uart.o [1]
bus_uart_framegapTimeoutCallback
                         0x800'6681      0x1a  Code  Gb  bus_uart.o [1]
bus_uart_getFifoFlag     0x800'65d7       0xe  Code  Gb  bus_uart.o [1]
bus_uart_getFrameFromFifo
                         0x800'65e5      0x3c  Code  Gb  bus_uart.o [1]
bus_uart_getFrameFromFifo::fifoSizeError
                        0x2002'c69c       0x4  Data  Lc  bus_uart.o [1]
bus_uart_getTxBufferpointer
                         0x800'6655       0x4  Code  Gb  bus_uart.o [1]
bus_uart_init            0x800'5ed5     0x3c8  Code  Gb  bus_uart.o [1]
bus_uart_randomTimeoutCallback
                         0x800'669b      0x18  Code  Gb  bus_uart.o [1]
bus_uart_receive         0x800'6385      0x4a  Code  Gb  bus_uart.o [1]
bus_uart_receive::uart_rx_err_counter
                        0x2002'c6a8       0x2  Data  Gb  bus_uart.o [1]
bus_uart_send            0x800'629d      0xe8  Code  Gb  bus_uart.o [1]
bus_uart_send::uartRdyError
                        0x2002'c41c       0x4  Data  Lc  bus_uart.o [1]
bus_uart_send::uart_tx_err_counter
                        0x2002'c3e0       0x2  Data  Lc  bus_uart.o [1]
bus_uart_startFramegap   0x800'6659      0x28  Code  Gb  bus_uart.o [1]
bus_uart_statistic      0x2002'c3e4      0x2c  Data  Lc  bus_uart.o [1]
bus_uart_tcp_getRandomNumber
                         0x800'1e49       0x2  Code  Gb  bus_uart_tcp.o [1]
bus_uart_tcp_rngInit     0x800'1e13      0x16  Code  Gb  bus_uart_tcp.o [1]
bus_uart_testCRC::results
                        0x2000'0000       0x8  Data  Lc  bus_uart.o [1]
bus_uart_testCRC::testArray
                         0x800'6750       0xc  Data  Lc  bus_uart.o [1]
bus_uart_transferCompleteTasknotify
                         0x800'48bb      0x2c  Code  Gb  NetworkInterface.o [1]
busuartRx               0x2000'000c      0x10  Data  Lc  bus_uart.o [1]
eARPGetCacheEntry        0x800'1a71      0xa4  Code  Gb  FreeRTOS_ARP.o [1]
eARPProcessPacket        0x800'18ed      0x9a  Code  Gb  FreeRTOS_ARP.o [1]
eConsiderFrameForProcessing
                         0x800'457b      0x5a  Code  Gb  FreeRTOS_IP.o [1]
eConsiderFrameForProcessing::eReturn
                        0x2002'c6b2       0x1  Data  Lc  FreeRTOS_IP.o [1]
exit                     0x800'd5d7       0x4  Code  Gb  exit.o [2]
framegapTimeoutFlag     0x2000'0008       0x1  Data  Lc  bus_uart.o [1]
guestCounter            0x2002'c678       0x4  Data  Lc  http.o [1]
htim1                   0x2002'c56c      0x40  Data  Gb  stm32f4xx_hal_timebase_tim.o [1]
httpServerConnectionInstance
                         0x800'cf81     0x3d4  Code  Lc  http.o [1]
httpServerConnectionInstance::eintr
                        0x2002'c672       0x2  Data  Lc  http.o [1]
httpServerConnectionInstance::einval
                        0x2002'c674       0x2  Data  Lc  http.o [1]
httpServerConnectionInstance::enomem
                        0x2002'c66e       0x2  Data  Lc  http.o [1]
httpServerConnectionInstance::enotconn
                        0x2002'c670       0x2  Data  Lc  http.o [1]
httpServerConnectionInstance::lengthOfbytes
                        0x2002'c67c       0x4  Data  Lc  http.o [1]
httpServerConnectionInstance::serverInstanceMallocError
                        0x2002'c66c       0x1  Data  Lc  http.o [1]
httpServerConnectionInstance::uriTooLongError
                        0x2002'c676       0x2  Data  Lc  http.o [1]
http_startHost           0x800'cee1      0x9e  Code  Gb  http.o [1]
init_tcp_ip_stack        0x800'1bf5      0x3a  Code  Gb  bus_uart_tcp.o [1]
inputFrameHandle        0x2002'7890    0x3cf0  Data  Gb  bus_uart.o [1]
lTCPAddRxdata            0x800'3aaf      0xd6  Code  Gb  FreeRTOS_Sockets.o [1]
lTCPIncrementTxPosition
                         0x800'4c51       0xa  Code  Lc  FreeRTOS_TCP_WIN.o [1]
lTCPWindowRxCheck        0x800'4add     0x174  Code  Gb  FreeRTOS_TCP_WIN.o [1]
lTCPWindowTxAdd          0x800'4c5b     0x100  Code  Gb  FreeRTOS_TCP_WIN.o [1]
ldexp                    0x800'aa3d            Code  Gb  ldexp.o [3]
ldexpl                   0x800'aa3d            Code  Gb  ldexp.o [3]
localeconv               0x800'a8b1       0x4  Code  Gb  xlocale_c.o [2]
macBroadcast             0x800'6734       0x8  Data  Lc  bus_uart.o [1]
macLLMNR                 0x800'673c       0x8  Data  Lc  bus_uart.o [1]
main                     0x800'675d      0xa8  Code  Gb  main.o [1]
main_refreshWatchdog     0x800'6805       0x6  Code  Gb  main.o [1]
memchr                   0x800'a915            Code  Gb  memchr.o [4]
memcmp                   0x800'5e11            Code  Gb  memcmp.o [4]
pcApplicationHostnameHook
                         0x800'1c6d       0x4  Code  Gb  bus_uart_tcp.o [1]
preAmbleSFD              0x800'6748       0x8  Data  Lc  bus_uart.o [1]
processingIdle          0x2000'06ac       0x1  Data  Lc  bus_uart_tcp.o [1]
prvAddCurrentTaskToDelayedList
                         0x800'2d4b      0x64  Code  Lc  tasks.o [1]
prvAddNewTaskToReadyList
                         0x800'217b      0xbc  Code  Lc  tasks.o [1]
prvCheckForValidListAndQueue
                         0x800'6b91      0x4e  Code  Lc  timers.o [1]
prvCheckForValidListAndQueue{1}{2}{3}{4}::ucStaticTimerQueueStorage
                        0x2002'c234      0x3c  Data  Lc  timers.o [1]
prvCheckForValidListAndQueue{1}{2}{3}{4}::xStaticTimerQueue
                        0x2002'c1ec      0x48  Data  Lc  timers.o [1]
prvCopyDataFromQueue     0x800'57f7      0x26  Code  Lc  queue.o [1]
prvCopyDataToQueue       0x800'578f      0x68  Code  Lc  queue.o [1]
prvCreateDHCPSocket      0x800'7823      0x6c  Code  Lc  FreeRTOS_DHCP.o [1]
prvCreatePartDHCPMessage
                         0x800'7a1d      0xd6  Code  Lc  FreeRTOS_DHCP.o [1]
prvDeleteTCB             0x800'28d3      0x34  Code  Lc  tasks.o [1]
prvEMACDeferredInterruptHandlerTask
                         0x800'1d9d      0x74  Code  Lc  bus_uart_tcp.o [1]
prvEMACDeferredInterruptHandlerTask::rxMacCallCounter
                        0x2000'06b8       0x4  Data  Lc  bus_uart_tcp.o [1]
prvEMACDeferredInterruptHandlerTask::rxMacErrCounter
                        0x2000'06bc       0x4  Data  Lc  bus_uart_tcp.o [1]
prvIPTask                0x800'3d15     0x594  Code  Lc  FreeRTOS_IP.o [1]
prvIPTimerCheck          0x800'42ed      0x2c  Code  Lc  FreeRTOS_IP.o [1]
prvIPTimerReload         0x800'42e9       0x4  Code  Lc  FreeRTOS_IP.o [1]
prvIPTimerStart          0x800'42c1      0x28  Code  Lc  FreeRTOS_IP.o [1]
prvIdleTask              0x800'287d      0x56  Code  Lc  tasks.o [1]
prvInitialiseNewQueue    0x800'5253      0x66  Code  Lc  queue.o [1]
prvInsertBlockIntoFreeList
                         0x800'5dbd      0x4c  Code  Lc  heap_4.o [1]
prvInsertTimerInActiveList
                         0x800'6b59      0x36  Code  Lc  timers.o [1]
prvParseDNSReply         0x800'712f     0x3a4  Code  Lc  FreeRTOS_DNS.o [1]
prvParseDNSReply::usClass
                        0x2002'c63e       0x2  Data  Lc  FreeRTOS_DNS.o [1]
prvParseDNSReply::usType
                        0x2002'c63c       0x2  Data  Lc  FreeRTOS_DNS.o [1]
prvProcessDHCPReplies    0x800'788f     0x18e  Code  Lc  FreeRTOS_DHCP.o [1]
prvProcessDNSCache       0x800'7565      0xf2  Code  Lc  FreeRTOS_DNS.o [1]
prvProcessDNSCache::xFreeEntry
                        0x2002'c6a0       0x4  Data  Lc  FreeRTOS_DNS.o [1]
prvProcessNetworkDownEvent{1}::xCallEventHook
                        0x2002'c388       0x4  Data  Lc  FreeRTOS_IP.o [1]
prvReplyDNSMessage       0x800'74d9      0x8c  Code  Lc  FreeRTOS_DNS.o [1]
prvResetNextTaskUnblockTime
                         0x800'2907      0x1a  Code  Lc  tasks.o [1]
prvSampleTimeNow         0x800'6ab5      0xa4  Code  Lc  timers.o [1]
prvSampleTimeNow::xLastTime
                        0x2002'c1c0       0x4  Data  Lc  timers.o [1]
prvSendDHCPDiscover      0x800'7be1      0x3c  Code  Lc  FreeRTOS_DHCP.o [1]
prvSendDHCPDiscover::ucDHCPDiscoverOptions
                         0x800'7c48      0x14  Data  Lc  FreeRTOS_DHCP.o [1]
prvSendDHCPRequest       0x800'7af5      0xea  Code  Lc  FreeRTOS_DHCP.o [1]
prvSendDHCPRequest::ucDHCPRequestOptions
                         0x800'7c30      0x18  Data  Lc  FreeRTOS_DHCP.o [1]
prvSetSynAckOptions      0x800'0835      0x54  Code  Lc  FreeRTOS_TCP_IP.o [1]
prvSkipNameField         0x800'6e9d      0x38  Code  Lc  FreeRTOS_DNS.o [1]
prvSocketSetMSS          0x800'0d2d      0x40  Code  Lc  FreeRTOS_TCP_IP.o [1]
prvTCPAddTxData          0x800'0c05      0x56  Code  Lc  FreeRTOS_TCP_IP.o [1]
prvTCPCreateWindow       0x800'080d      0x28  Code  Lc  FreeRTOS_TCP_IP.o [1]
prvTCPHandleFin          0x800'0c5b      0xb4  Code  Lc  FreeRTOS_TCP_IP.o [1]
prvTCPNextTimeout        0x800'0b91      0x74  Code  Lc  FreeRTOS_TCP_IP.o [1]
prvTCPPrepareSend        0x800'099f     0x1f2  Code  Lc  FreeRTOS_TCP_IP.o [1]
prvTCPReturnPacket       0x800'0601     0x20c  Code  Lc  FreeRTOS_TCP_IP.o [1]
prvTCPSendRepeated       0x800'03d7     0x22a  Code  Lc  FreeRTOS_TCP_IP.o [1]
prvTCPSendReset          0x800'0d0f      0x1e  Code  Lc  FreeRTOS_TCP_IP.o [1]
prvTCPTouchSocket        0x800'0889      0x20  Code  Lc  FreeRTOS_TCP_IP.o [1]
prvTCPWindowTxCheckAck   0x800'4f17      0xc8  Code  Lc  FreeRTOS_TCP_WIN.o [1]
prvTCPWindowTxHasSpace   0x800'4d71      0x42  Code  Lc  FreeRTOS_TCP_WIN.o [1]
prvTaskExitError         0x800'5a5d      0x1c  Code  Lc  port.o [1]
prvTestWaitCondition     0x800'6e21      0x14  Code  Lc  event_groups.o [1]
prvTimerTask             0x800'6905     0x1b0  Code  Lc  timers.o [1]
prvUnlockQueue           0x800'581d      0x60  Code  Lc  queue.o [1]
pvPortMalloc             0x800'5c45     0x11a  Code  Gb  heap_4.o [1]
pvTaskIncrementMutexHeldCount
                         0x800'2b2f      0x14  Code  Gb  tasks.o [1]
pxCurrentTCB            0x2002'c298       0x4  Data  Gb  tasks.o [1]
pxCurrentTimerList      0x2002'c1b0       0x4  Data  Lc  timers.o [1]
pxDelayedTaskList       0x2002'c29c       0x4  Data  Lc  tasks.o [1]
pxDuplicateNetworkBufferWithDescriptor
                         0x800'4355      0x2e  Code  Gb  FreeRTOS_IP.o [1]
pxEnd                   0x2000'0780       0x4  Data  Lc  heap_4.o [1]
pxGetNetworkBufferWithDescriptor
                         0x800'1813      0x82  Code  Gb  BufferAllocation_2.o [1]
pxListFindListItemWithValue
                         0x800'34e5      0x2e  Code  Lc  FreeRTOS_Sockets.o [1]
pxOverflowDelayedTaskList
                        0x2002'c2a0       0x4  Data  Lc  tasks.o [1]
pxOverflowTimerList     0x2002'c1b4       0x4  Data  Lc  timers.o [1]
pxPortInitialiseStack    0x800'5a35      0x26  Code  Gb  port.o [1]
pxReadyTasksLists       0x2002'c0e8      0xc8  Data  Lc  tasks.o [1]
pxTCPSocketLookup        0x800'3a6b      0x44  Code  Gb  FreeRTOS_Sockets.o [1]
pxUDPPayloadBuffer_to_NetworkBuffer
                         0x800'4383      0x16  Code  Gb  FreeRTOS_IP.o [1]
pxUDPSocketLookup        0x800'3513      0x28  Code  Gb  FreeRTOS_Sockets.o [1]
randomTimeoutFlag       0x2000'0668       0x1  Data  Lc  bus_uart.o [1]
rxTaskToNotify          0x2000'06b0       0x4  Data  Lc  bus_uart_tcp.o [1]
scalbln                  0x800'aa3d            Code  Gb  ldexp.o [3]
scalblnl                 0x800'aa3d            Code  Gb  ldexp.o [3]
scalbn                   0x800'aa3d            Code  Gb  ldexp.o [3]
scalbnl                  0x800'aa3d            Code  Gb  ldexp.o [3]
scale                    0x800'8f81      0x46  Code  Lc  xprintffull.o [2]
sec_hand                0x2002'c6a4       0x4  Data  Lc  xfail_s.o [2]
serverTask              0x2000'06c0       0x4  Data  Lc  bus_uart_tcp.o [1]
snprintf_                0x800'c403      0x1a  Code  Gb  printf.o [1]
sprintf                  0x800'5e95      0x40  Code  Gb  sprintf.o [2]
stackMacAddress         0x2002'c418       0x4  Data  Lc  bus_uart.o [1]
strchr                   0x800'a8bd            Code  Gb  strchr.o [4]
strcmp                   0x800'5e79            Code  Gb  strcmp.o [4]
strcpy                   0x800'a829            Code  Gb  strcpy.o [4]
strlen                   0x800'a7f1            Code  Gb  strlen.o [4]
strncmp                  0x800'd3cd      0x28  Code  Gb  strncmp.o [2]
txBuffer1               0x2000'005c     0x60c  Data  Lc  bus_uart.o [1]
uartTransferCompleteToNotify
                        0x2002'c694       0x4  Data  Lc  NetworkInterface.o [1]
ucDNSServerAddressFLASH
                         0x800'1ebc       0x4  Data  Gb  bus_uart_tcp.o [1]
ucGatewayAddressFLASH    0x800'1eb8       0x4  Data  Gb  bus_uart_tcp.o [1]
ucHeap                  0x2000'0790  0x2'7100  Data  Lc  heap_4.o [1]
ucIPAddressFLASH         0x800'1eb0       0x4  Data  Gb  bus_uart_tcp.o [1]
ucMACAddressFLASH        0x800'1ec0       0x8  Data  Gb  bus_uart_tcp.o [1]
ucMaxSysCallPriority    0x2000'06dc       0x1  Data  Lc  port.o [1]
ucNetMaskFLASH           0x800'1eb4       0x4  Data  Gb  bus_uart_tcp.o [1]
ulApplicationGetNextSequenceNumber
                         0x800'1c5d       0x2  Code  Gb  bus_uart_tcp.o [1]
ulDNSHandlePacket        0x800'6ed5      0x16  Code  Gb  FreeRTOS_DNS.o [1]
ulMaxPRIGROUPValue      0x2000'06e4       0x4  Data  Lc  port.o [1]
ulNBNSHandlePacket       0x800'6eeb     0x244  Code  Gb  FreeRTOS_DNS.o [1]
ulTCPWindowTxAck         0x800'4fdf      0x10  Code  Gb  FreeRTOS_TCP_WIN.o [1]
ulTCPWindowTxGet         0x800'4e1b      0xfc  Code  Gb  FreeRTOS_TCP_WIN.o [1]
ulTCPWindowTxSack        0x800'4fef      0x70  Code  Gb  FreeRTOS_TCP_WIN.o [1]
ulTaskNotifyTake         0x800'2b43      0xae  Code  Gb  tasks.o [1]
usGenerateChecksum       0x800'46e9      0xda  Code  Gb  FreeRTOS_IP.o [1]
usGenerateProtocolChecksum
                         0x800'4603      0xe6  Code  Gb  FreeRTOS_IP.o [1]
usPacketIdentifier      0x2002'c6b0       0x2  Data  Gb  FreeRTOS_IP.o [1]
uwTick                  0x2000'06ec       0x4  Data  Gb  stm32f4xx_hal.o [1]
uwTickFreq              0x2000'06e8       0x1  Data  Gb  stm32f4xx_hal.o [1]
uwTickPrio              0x2000'06f0       0x4  Data  Gb  stm32f4xx_hal.o [1]
uxCriticalNesting       0x2000'06e0       0x4  Data  Lc  port.o [1]
uxCurrentNumberOfTasks  0x2002'c2bc       0x4  Data  Lc  tasks.o [1]
uxDeletedTasksWaitingCleanUp
                        0x2002'c2a4       0x4  Data  Lc  tasks.o [1]
uxListRemove             0x800'5a0d      0x26  Code  Gb  list.o [1]
uxMinimumFreeNetworkBuffers
                        0x2002'c634       0x4  Data  Lc  BufferAllocation_2.o [1]
uxPendedTicks           0x2002'c2cc       0x4  Data  Lc  tasks.o [1]
uxQueueMessagesWaiting   0x800'573d      0x1e  Code  Gb  queue.o [1]
uxRand                   0x800'1c5b       0x2  Code  Gb  bus_uart_tcp.o [1]
uxSchedulerSuspended    0x2002'c2e0       0x4  Data  Lc  tasks.o [1]
uxStreamBufferAdd        0x800'505f      0xa0  Code  Gb  FreeRTOS_Stream_Buffer.o [1]
uxStreamBufferDistance   0x800'01d7      0x10  Code  Lc  FreeRTOS_TCP_IP.o [1]
uxStreamBufferGet        0x800'50ff      0x82  Code  Gb  FreeRTOS_Stream_Buffer.o [1]
uxStreamBufferGetSize    0x800'2dcf      0x12  Code  Lc  FreeRTOS_Sockets.o [1]
uxStreamBufferSpace      0x800'2dbd      0x12  Code  Lc  FreeRTOS_Sockets.o [1]
uxStreamBufferSpace      0x800'01c5      0x12  Code  Lc  FreeRTOS_TCP_IP.o [1]
uxTaskNumber            0x2002'c2d8       0x4  Data  Lc  tasks.o [1]
uxTaskResetEventItemValue
                         0x800'2b19      0x16  Code  Gb  tasks.o [1]
uxTopReadyPriority      0x2002'c2c4       0x4  Data  Lc  tasks.o [1]
vARPAgeCache             0x800'1b15      0x54  Code  Gb  FreeRTOS_ARP.o [1]
vARPGenerateRequestPacket
                         0x800'1b99      0x40  Code  Gb  FreeRTOS_ARP.o [1]
vARPRefreshCacheEntry    0x800'1987      0xea  Code  Gb  FreeRTOS_ARP.o [1]
vARPSendGratuitous       0x800'1b69       0xc  Code  Gb  FreeRTOS_ARP.o [1]
vApplicationGetIdleTaskMemory
                         0x800'6881      0x10  Code  Gb  freertos.o [1]
vApplicationGetTimerTaskMemory
                         0x800'6891      0x12  Code  Gb  freertos.o [1]
vApplicationGetTimerTaskMemory::uxTimerTaskStack
                        0x2002'b5d4     0x400  Data  Lc  freertos.o [1]
vApplicationGetTimerTaskMemory::xTimerTaskTCB
                        0x2002'b580      0x54  Data  Lc  freertos.o [1]
vApplicationIPNetworkEventHook
                         0x800'1c31      0x2a  Code  Gb  bus_uart_tcp.o [1]
vApplicationIPNetworkEventHook::xTasksAlreadyCreated
                        0x2000'06b4       0x4  Data  Lc  bus_uart_tcp.o [1]
vApplicationIdleHook     0x800'1d71      0x2c  Code  Gb  bus_uart_tcp.o [1]
vApplicationPingReplyHook
                         0x800'1e11       0x2  Code  Gb  bus_uart_tcp.o [1]
vDHCPProcess             0x800'768d     0x196  Code  Gb  FreeRTOS_DHCP.o [1]
vDNSCheckCallBack        0x800'6e3d      0x60  Code  Gb  FreeRTOS_DNS.o [1]
vDNSInitialise           0x800'6e35       0x8  Code  Gb  FreeRTOS_DNS.o [1]
vEventGroupDelete        0x800'6ddf      0x42  Code  Gb  event_groups.o [1]
vIPNetworkUpCalls        0x800'45d5      0x2e  Code  Gb  FreeRTOS_IP.o [1]
vIPReloadDHCPTimer       0x800'4803       0x6  Code  Gb  FreeRTOS_IP.o [1]
vIPSetDHCPTimerEnableState
                         0x800'47ef      0x14  Code  Gb  FreeRTOS_IP.o [1]
vIPSetDnsTimerEnableState
                         0x800'4809      0x14  Code  Gb  FreeRTOS_IP.o [1]
vListInitialise          0x800'599d      0x1a  Code  Gb  list.o [1]
vListInitialiseItem      0x800'59b7       0x6  Code  Gb  list.o [1]
vListInsert              0x800'59d9      0x34  Code  Gb  list.o [1]
vListInsertEnd           0x800'59bd      0x1c  Code  Gb  list.o [1]
vListInsertGeneric       0x800'48f5      0x1a  Code  Gb  FreeRTOS_TCP_WIN.o [1]
vNetworkSocketsInit      0x800'2de1      0x18  Code  Gb  FreeRTOS_Sockets.o [1]
vPortEnableVFP           0x800'7f15            Code  Gb  portasm.o [1]
vPortEnterCritical       0x800'5b37      0x32  Code  Gb  port.o [1]
vPortExitCritical        0x800'5b69      0x22  Code  Gb  port.o [1]
vPortFree                0x800'5d5f      0x58  Code  Gb  heap_4.o [1]
vPortStartFirstTask      0x800'7ef5            Code  Gb  portasm.o [1]
vPortValidateInterruptPriority
                         0x800'5bb1      0x44  Code  Gb  port.o [1]
vProcessGeneratedUDPPacket
                         0x800'7cf5      0xd2  Code  Gb  FreeRTOS_UDP_IP.o [1]
vQueueAddToRegistry      0x800'587d      0x66  Code  Gb  queue.o [1]
vQueueDelete             0x800'5763      0x2c  Code  Gb  queue.o [1]
vQueueUnregisterQueue    0x800'58e3      0x68  Code  Gb  queue.o [1]
vQueueWaitForMessageRestricted
                         0x800'5955      0x48  Code  Gb  queue.o [1]
vReleaseNetworkBufferAndDescriptor
                         0x800'1895      0x44  Code  Gb  BufferAllocation_2.o [1]
vReturnEthernetFrame     0x800'47c3      0x28  Code  Gb  FreeRTOS_IP.o [1]
vSocketBind              0x800'3129     0x114  Code  Gb  FreeRTOS_Sockets.o [1]
vSocketClose             0x800'326f      0xa0  Code  Gb  FreeRTOS_Sockets.o [1]
vSocketSelect            0x800'3bab     0x154  Code  Gb  FreeRTOS_Sockets.o [1]
vSocketWakeUpUser        0x800'3545      0x3c  Code  Gb  FreeRTOS_Sockets.o [1]
vTCPStateChange          0x800'08a9      0xf6  Code  Gb  FreeRTOS_TCP_IP.o [1]
vTCPWindowCreate         0x800'4a0b      0x8e  Code  Gb  FreeRTOS_TCP_WIN.o [1]
vTCPWindowDestroy        0x800'49a3      0x68  Code  Gb  FreeRTOS_TCP_WIN.o [1]
vTCPWindowFree           0x800'496d      0x36  Code  Lc  FreeRTOS_TCP_WIN.o [1]
vTCPWindowInit           0x800'4a99      0x44  Code  Gb  FreeRTOS_TCP_WIN.o [1]
vTaskDelay               0x800'22dd      0x7e  Code  Gb  tasks.o [1]
vTaskDelete              0x800'2237      0xa6  Code  Gb  tasks.o [1]
vTaskInternalSetTimeOutState
                         0x800'27f3       0xe  Code  Gb  tasks.o [1]
vTaskMissedYield         0x800'2871       0xa  Code  Gb  tasks.o [1]
vTaskNotifyGiveFromISR   0x800'2cad      0x9e  Code  Gb  tasks.o [1]
vTaskPlaceOnEventList    0x800'25bb      0x66  Code  Gb  tasks.o [1]
vTaskPlaceOnEventListRestricted
                         0x800'26bf      0x36  Code  Gb  tasks.o [1]
vTaskPlaceOnUnorderedEventList
                         0x800'2621      0x82  Code  Gb  tasks.o [1]
vTaskPriorityDisinheritAfterTimeout
                         0x800'2a77      0xa2  Code  Gb  tasks.o [1]
vTaskRemoveFromUnorderedEventList
                         0x800'275b      0x6a  Code  Gb  tasks.o [1]
vTaskSetTimeOutState     0x800'27c5      0x2e  Code  Gb  tasks.o [1]
vTaskStartScheduler      0x800'235d      0x76  Code  Gb  tasks.o [1]
vTaskSuspendAll          0x800'23dd       0xc  Code  Gb  tasks.o [1]
vTaskSwitchContext       0x800'2567      0x54  Code  Gb  tasks.o [1]
xARPCache               0x2002'c4e0      0x48  Data  Lc  FreeRTOS_ARP.o [1]
xARPTimer               0x2002'c320      0x14  Data  Lc  FreeRTOS_IP.o [1]
xActiveTimerList1       0x2002'c1c4      0x14  Data  Lc  timers.o [1]
xActiveTimerList2       0x2002'c1d8      0x14  Data  Lc  timers.o [1]
xApplicationDNSQueryHook
                         0x800'1c71      0xfa  Code  Gb  bus_uart_tcp.o [1]
xApplicationDNSQueryHook::llmnrsuccessCounter
                        0x2002'c5d8       0x4  Data  Lc  bus_uart_tcp.o [1]
xApplicationDNSQueryHook{1}{3}{4}{6}::ipAddrQuery
                        0x2002'c5dc      0x20  Data  Lc  bus_uart_tcp.o [1]
xBlockAllocatedBit      0x2000'078c       0x4  Data  Lc  heap_4.o [1]
xBoundTCPSocketsList    0x2002'c5ac      0x14  Data  Gb  FreeRTOS_Sockets.o [1]
xBoundUDPSocketsList    0x2002'c5c0      0x14  Data  Gb  FreeRTOS_Sockets.o [1]
xBroadcastMACAddress     0x800'4850       0x8  Data  Gb  FreeRTOS_IP.o [1]
xBufferAllocFixedSize    0x800'd614       0x4  Data  Gb  BufferAllocation_2.o [1]
xCallbackList           0x2002'c640      0x14  Data  Lc  FreeRTOS_DNS.o [1]
xDHCPData               0x2002'c5fc      0x24  Data  Lc  FreeRTOS_DHCP.o [1]
xDHCPTimer              0x2002'c348      0x14  Data  Lc  FreeRTOS_IP.o [1]
xDNSCache               0x2002'bfe8     0x100  Data  Lc  FreeRTOS_DNS.o [1]
xDNSTimer               0x2002'c35c      0x14  Data  Lc  FreeRTOS_IP.o [1]
xDefaultAddressing      0x2002'c38c      0x14  Data  Gb  FreeRTOS_IP.o [1]
xDefaultPartARPPacketHeader
                         0x800'd520      0x28  Data  Lc  FreeRTOS_ARP.o [1]
xDefaultPartUDPPacketHeader
                        0x2000'06c4      0x18  Data  Gb  FreeRTOS_UDP_IP.o [1]
xDelayedTaskList1       0x2002'c2e4      0x14  Data  Lc  tasks.o [1]
xDelayedTaskList2       0x2002'c2f8      0x14  Data  Lc  tasks.o [1]
xEventGroupClearBits     0x800'6d19      0x42  Code  Gb  event_groups.o [1]
xEventGroupCreate        0x800'6bf9      0x1e  Code  Gb  event_groups.o [1]
xEventGroupSetBits       0x800'6d5b      0x84  Code  Gb  event_groups.o [1]
xEventGroupWaitBits      0x800'6c17      0xfa  Code  Gb  event_groups.o [1]
xFreeBuffersList        0x2002'c620      0x14  Data  Lc  BufferAllocation_2.o [1]
xFreeBytesRemaining     0x2000'0784       0x4  Data  Lc  heap_4.o [1]
xIPIsNetworkTaskReady    0x800'481d       0x6  Code  Gb  FreeRTOS_IP.o [1]
xIPTaskHandle           0x2002'c378       0x4  Data  Lc  FreeRTOS_IP.o [1]
xIPTaskInitialised      0x2002'c384       0x4  Data  Lc  FreeRTOS_IP.o [1]
xIdleStack              0x2002'bde8     0x200  Data  Lc  freertos.o [1]
xIdleTaskTCBBuffer      0x2002'bd94      0x54  Data  Lc  freertos.o [1]
xIsCallingFromIPTask     0x800'42a9      0x18  Code  Gb  FreeRTOS_IP.o [1]
xIsDHCPSocket            0x800'7679      0x12  Code  Gb  FreeRTOS_DHCP.o [1]
xLLMNR_MacAdress         0x800'd604       0x8  Data  Gb  FreeRTOS_DNS.o [1]
xLastGratuitousARPTime  0x2002'c528       0x4  Data  Lc  FreeRTOS_ARP.o [1]
xMinimumEverFreeBytesRemaining
                        0x2000'0788       0x4  Data  Lc  heap_4.o [1]
xNetworkAddressing      0x2002'c30c      0x14  Data  Gb  FreeRTOS_IP.o [1]
xNetworkBufferDescriptors
                        0x2002'b9d4     0x3c0  Data  Lc  BufferAllocation_2.o [1]
xNetworkBufferSemaphore
                        0x2002'c638       0x4  Data  Lc  BufferAllocation_2.o [1]
xNetworkBuffersInitialise
                         0x800'17b9      0x5a  Code  Gb  BufferAllocation_2.o [1]
xNetworkDownEventPending
                        0x2002'c374       0x4  Data  Lc  FreeRTOS_IP.o [1]
xNetworkEventQueue      0x2002'c370       0x4  Data  Gb  FreeRTOS_IP.o [1]
xNetworkInterfaceInitialise
                         0x800'4861      0x10  Code  Gb  NetworkInterface.o [1]
xNetworkInterfaceOutput
                         0x800'4871      0x4a  Code  Gb  NetworkInterface.o [1]
xNetworkInterfaceOutput{1}{2}::transferCompleteError
                        0x2002'c698       0x4  Data  Lc  NetworkInterface.o [1]
xNetworkUp              0x2002'c380       0x4  Data  Lc  FreeRTOS_IP.o [1]
xNextTaskUnblockTime    0x2002'c2dc       0x4  Data  Lc  tasks.o [1]
xNumOfOverflows         0x2002'c2d4       0x4  Data  Lc  tasks.o [1]
xPendingReadyList       0x2002'c270      0x14  Data  Lc  tasks.o [1]
xPortGetFreeHeapSize     0x800'5db7       0x6  Code  Gb  heap_4.o [1]
xPortStartScheduler      0x800'5a79      0xbe  Code  Gb  port.o [1]
xProcessReceivedTCPPacket
                         0x800'0d7d     0x9e2  Code  Gb  FreeRTOS_TCP_IP.o [1]
xProcessReceivedUDPPacket
                         0x800'7dd1      0xb0  Code  Gb  FreeRTOS_UDP_IP.o [1]
xProcessedTCPMessage    0x2002'c37c       0x4  Data  Lc  FreeRTOS_IP.o [1]
xQueueCreateCountingSemaphore
                         0x800'52b9      0x54  Code  Gb  queue.o [1]
xQueueGenericCreate      0x800'520b      0x48  Code  Gb  queue.o [1]
xQueueGenericCreateStatic
                         0x800'5191      0x7a  Code  Gb  queue.o [1]
xQueueGenericSend        0x800'530d     0x164  Code  Gb  queue.o [1]
xQueueReceive            0x800'5477     0x136  Code  Gb  queue.o [1]
xQueueRegistry          0x2002'c52c      0x40  Data  Gb  queue.o [1]
xQueueSemaphoreTake      0x800'55ad     0x17c  Code  Gb  queue.o [1]
xSchedulerRunning       0x2002'c2c8       0x4  Data  Lc  tasks.o [1]
xSegmentList            0x2002'c654      0x14  Data  Lc  FreeRTOS_TCP_WIN.o [1]
xSendEventStructToIPTask
                         0x800'452f      0x4c  Code  Gb  FreeRTOS_IP.o [1]
xSendEventToIPTask       0x800'4519      0x16  Code  Gb  FreeRTOS_IP.o [1]
xStart                  0x2000'0778       0x8  Data  Lc  heap_4.o [1]
xSuspendedTaskList      0x2002'c2a8      0x14  Data  Lc  tasks.o [1]
xTCPCheckNewClient       0x800'1765      0x42  Code  Gb  FreeRTOS_TCP_IP.o [1]
xTCPSegments            0x2002'c668       0x4  Data  Lc  FreeRTOS_TCP_WIN.o [1]
xTCPSocketCheck          0x800'01e7     0x1f0  Code  Gb  FreeRTOS_TCP_IP.o [1]
xTCPTimer               0x2002'c334      0x14  Data  Lc  FreeRTOS_IP.o [1]
xTCPTimerCheck           0x800'39f5      0x76  Code  Gb  FreeRTOS_Sockets.o [1]
xTCPTimerCheck::xLastTime
                        0x2002'c5d4       0x4  Data  Lc  FreeRTOS_Sockets.o [1]
xTCPWindowGetHead        0x800'4949      0x16  Code  Lc  FreeRTOS_TCP_WIN.o [1]
xTCPWindowPeekHead       0x800'495f       0xe  Code  Lc  FreeRTOS_TCP_WIN.o [1]
xTCPWindowRxEmpty        0x800'4931      0x18  Code  Gb  FreeRTOS_TCP_WIN.o [1]
xTCPWindowRxFind         0x800'490f      0x22  Code  Lc  FreeRTOS_TCP_WIN.o [1]
xTCPWindowTxDone         0x800'4d65       0x6  Code  Gb  FreeRTOS_TCP_WIN.o [1]
xTCPWindowTxHasData      0x800'4db3      0x68  Code  Gb  FreeRTOS_TCP_WIN.o [1]
xTaskCheckForTimeOut     0x800'2801      0x70  Code  Gb  tasks.o [1]
xTaskCreate              0x800'20b1      0xca  Code  Gb  tasks.o [1]
xTaskCreateStatic        0x800'1fcd      0xe4  Code  Gb  tasks.o [1]
xTaskGenericNotify       0x800'2bf1      0xbc  Code  Gb  tasks.o [1]
xTaskGetCurrentTaskHandle
                         0x800'2921       0x8  Code  Gb  tasks.o [1]
xTaskGetSchedulerState   0x800'2929      0x18  Code  Gb  tasks.o [1]
xTaskGetTickCount        0x800'249b       0x8  Code  Gb  tasks.o [1]
xTaskIncrementTick       0x800'24a3      0xc4  Code  Gb  tasks.o [1]
xTaskPriorityDisinherit
                         0x800'29e1      0x96  Code  Gb  tasks.o [1]
xTaskPriorityInherit     0x800'2949      0x94  Code  Gb  tasks.o [1]
xTaskRemoveFromEventList
                         0x800'26f5      0x66  Code  Gb  tasks.o [1]
xTaskResumeAll           0x800'23e9      0xb2  Code  Gb  tasks.o [1]
xTasksWaitingTermination
                        0x2002'c284      0x14  Data  Lc  tasks.o [1]
xTickCount              0x2002'c2c0       0x4  Data  Lc  tasks.o [1]
xTimerCreateTimerTask    0x800'68ad      0x56  Code  Gb  timers.o [1]
xTimerQueue             0x2002'c1b8       0x4  Data  Lc  timers.o [1]
xTimerTaskHandle        0x2002'c1bc       0x4  Data  Lc  timers.o [1]
xYieldPending           0x2002'c2d0       0x4  Data  Lc  tasks.o [1]


[1] = D:\GitHub\ETH_on_RS485_Node_Example_FreeRTOS\EWARM\Panelcontroller\Obj
[2] = dl7M_tlf.a
[3] = m7M_tls.a
[4] = rt7M_tl.a
[5] = shb_l.a

   52'277 bytes of readonly  code memory
    2'875 bytes of readonly  data memory
  182'963 bytes of readwrite data memory

Errors: none
Warnings: none
